// Jest Snapshot v1, https://goo.gl/fbAQLP

exports[`division by zero: a=10, b=0: Cannot divide by zero 1`] = `"divide is not defined"`;
